<html>
<body>
<pre>
<h1>µVision Build Log</h1>
<h2>Project:</h2>
C:\Users\ASUS\Downloads\GPIO(2)\GPIO\GPIO.uvproj
Project File Date:  05/09/2024

<h2>Output:</h2>
Rebuild target 'EA LPC2148'
assembling Startup.s...
compiling serial.c...
compiling GPIO.c...
linking...
Program Size: Code=4244 RO-data=16 RW-data=0 ZI-data=1256  
FromELF: creating hex file...
"GPIO.axf" - 0 Error(s), 0 Warning(s).
Rebuild target 'EA LPC2148'
assembling Startup.s...
compiling serial.c...
compiling GPIO.c...
linking...
Program Size: Code=4292 RO-data=16 RW-data=0 ZI-data=1256  
FromELF: creating hex file...
"GPIO.axf" - 0 Error(s), 0 Warning(s).
Build target 'EA LPC2148'
compiling GPIO.c...
linking...
Program Size: Code=4292 RO-data=16 RW-data=0 ZI-data=1256  
FromELF: creating hex file...
"GPIO.axf" - 0 Error(s), 0 Warning(s).
Rebuild target 'EA LPC2148'
assembling Startup.s...
compiling serial.c...
compiling GPIO.c...
linking...
Program Size: Code=4292 RO-data=16 RW-data=0 ZI-data=1256  
FromELF: creating hex file...
"GPIO.axf" - 0 Error(s), 0 Warning(s).
Rebuild target 'EA LPC2148'
assembling Startup.s...
compiling serial.c...
compiling GPIO.c...
linking...
Program Size: Code=4328 RO-data=16 RW-data=0 ZI-data=1256  
FromELF: creating hex file...
"GPIO.axf" - 0 Error(s), 0 Warning(s).
Rebuild target 'EA LPC2148'
assembling Startup.s...
compiling serial.c...
compiling GPIO.c...
linking...
Program Size: Code=4336 RO-data=16 RW-data=0 ZI-data=1256  
FromELF: creating hex file...
"GPIO.axf" - 0 Error(s), 0 Warning(s).
Rebuild target 'EA LPC2148'
assembling Startup.s...
compiling serial.c...
compiling GPIO.c...
linking...
Program Size: Code=4236 RO-data=16 RW-data=0 ZI-data=1256  
FromELF: creating hex file...
"GPIO.axf" - 0 Error(s), 0 Warning(s).
Rebuild target 'EA LPC2148'
assembling Startup.s...
compiling serial.c...
compiling GPIO.c...
GPIO.c(122): warning:  #223-D: function "sprintf" declared implicitly
linking...
Program Size: Code=5664 RO-data=16 RW-data=0 ZI-data=1256  
FromELF: creating hex file...
"GPIO.axf" - 0 Error(s), 1 Warning(s).
Rebuild target 'EA LPC2148'
assembling Startup.s...
compiling serial.c...
compiling GPIO.c...
GPIO.c(122): warning:  #223-D: function "sprintf" declared implicitly
linking...
Program Size: Code=5692 RO-data=16 RW-data=0 ZI-data=1256  
FromELF: creating hex file...
"GPIO.axf" - 0 Error(s), 1 Warning(s).
Rebuild target 'EA LPC2148'
assembling Startup.s...
compiling serial.c...
compiling GPIO.c...
GPIO.c(122): warning:  #223-D: function "sprintf" declared implicitly
linking...
Program Size: Code=5692 RO-data=16 RW-data=0 ZI-data=1256  
FromELF: creating hex file...
"GPIO.axf" - 0 Error(s), 1 Warning(s).
Rebuild target 'EA LPC2148'
assembling Startup.s...
compiling serial.c...
compiling GPIO.c...
GPIO.c(122): warning:  #223-D: function "sprintf" declared implicitly
linking...
Program Size: Code=5692 RO-data=16 RW-data=0 ZI-data=1256  
FromELF: creating hex file...
"GPIO.axf" - 0 Error(s), 1 Warning(s).
Rebuild target 'EA LPC2148'
assembling Startup.s...
compiling serial.c...
compiling GPIO.c...
GPIO.c(122): warning:  #223-D: function "sprintf" declared implicitly
linking...
Program Size: Code=5692 RO-data=16 RW-data=0 ZI-data=1256  
FromELF: creating hex file...
"GPIO.axf" - 0 Error(s), 1 Warning(s).
Rebuild target 'EA LPC2148'
assembling Startup.s...
compiling serial.c...
compiling GPIO.c...
GPIO.c(122): warning:  #223-D: function "sprintf" declared implicitly
linking...
Program Size: Code=5692 RO-data=16 RW-data=0 ZI-data=1256  
FromELF: creating hex file...
"GPIO.axf" - 0 Error(s), 1 Warning(s).
Rebuild target 'EA LPC2148'
assembling Startup.s...
compiling serial.c...
compiling GPIO.c...
GPIO.c(122): warning:  #223-D: function "sprintf" declared implicitly
linking...
Program Size: Code=5692 RO-data=16 RW-data=0 ZI-data=1256  
FromELF: creating hex file...
"GPIO.axf" - 0 Error(s), 1 Warning(s).
Rebuild target 'EA LPC2148'
assembling Startup.s...
compiling serial.c...
compiling GPIO.c...
GPIO.c(123): error:  #65: expected a ";"
GPIO.c(124): error:  #268: declaration may not appear after executable statement in block
GPIO.c(125): warning:  #223-D: function "sprintf" declared implicitly
Target not created
Rebuild target 'EA LPC2148'
assembling Startup.s...
compiling serial.c...
compiling GPIO.c...
GPIO.c(124): error:  #268: declaration may not appear after executable statement in block
GPIO.c(125): warning:  #223-D: function "sprintf" declared implicitly
Target not created
Rebuild target 'EA LPC2148'
assembling Startup.s...
compiling serial.c...
compiling GPIO.c...
GPIO.c(123): warning:  #223-D: function "sprintf" declared implicitly
linking...
Program Size: Code=5692 RO-data=16 RW-data=0 ZI-data=1256  
FromELF: creating hex file...
"GPIO.axf" - 0 Error(s), 1 Warning(s).
Rebuild target 'EA LPC2148'
assembling Startup.s...
compiling serial.c...
compiling GPIO.c...
GPIO.c(124): error:  #268: declaration may not appear after executable statement in block
GPIO.c(125): warning:  #223-D: function "sprintf" declared implicitly
Target not created
Rebuild target 'EA LPC2148'
assembling Startup.s...
compiling serial.c...
compiling GPIO.c...
GPIO.c(124): error:  #268: declaration may not appear after executable statement in block
GPIO.c(125): warning:  #223-D: function "sprintf" declared implicitly
Target not created
Rebuild target 'EA LPC2148'
assembling Startup.s...
compiling serial.c...
compiling GPIO.c...
GPIO.c(122): warning:  #177-D: variable "speed_percentage" was declared but never referenced
GPIO.c(124): error:  #268: declaration may not appear after executable statement in block
GPIO.c(125): warning:  #223-D: function "sprintf" declared implicitly
Target not created
Rebuild target 'EA LPC2148'
assembling Startup.s...
compiling serial.c...
compiling GPIO.c...
GPIO.c(118): error:  #20: identifier "adc_value" is undefined
GPIO.c(122): warning:  #177-D: variable "speed_percentage" was declared but never referenced
GPIO.c(124): error:  #268: declaration may not appear after executable statement in block
GPIO.c(125): warning:  #223-D: function "sprintf" declared implicitly
Target not created
Rebuild target 'EA LPC2148'
assembling Startup.s...
compiling serial.c...
compiling GPIO.c...
GPIO.c(118): error:  #20: identifier "adc_value" is undefined
GPIO.c(122): warning:  #223-D: function "sprintf" declared implicitly
Target not created
Rebuild target 'EA LPC2148'
assembling Startup.s...
compiling serial.c...
compiling GPIO.c...
GPIO.c(118): error:  #20: identifier "adc_value" is undefined
GPIO.c(122): warning:  #223-D: function "sprintf" declared implicitly
Target not created
Rebuild target 'EA LPC2148'
assembling Startup.s...
compiling serial.c...
compiling GPIO.c...
GPIO.c(122): warning:  #223-D: function "sprintf" declared implicitly
linking...
Program Size: Code=5692 RO-data=16 RW-data=0 ZI-data=1256  
FromELF: creating hex file...
"GPIO.axf" - 0 Error(s), 1 Warning(s).
Rebuild target 'EA LPC2148'
assembling Startup.s...
compiling serial.c...
compiling GPIO.c...
GPIO.c(122): warning:  #223-D: function "sprintf" declared implicitly
linking...
Program Size: Code=5756 RO-data=16 RW-data=0 ZI-data=1256  
FromELF: creating hex file...
"GPIO.axf" - 0 Error(s), 1 Warning(s).
Rebuild target 'EA LPC2148'
assembling Startup.s...
compiling serial.c...
compiling GPIO.c...
GPIO.c(122): warning:  #223-D: function "sprintf" declared implicitly
linking...
Program Size: Code=5756 RO-data=16 RW-data=0 ZI-data=1256  
FromELF: creating hex file...
"GPIO.axf" - 0 Error(s), 1 Warning(s).
Rebuild target 'EA LPC2148'
assembling Startup.s...
compiling serial.c...
compiling GPIO.c...
GPIO.c(122): warning:  #223-D: function "sprintf" declared implicitly
linking...
Program Size: Code=5756 RO-data=16 RW-data=0 ZI-data=1256  
FromELF: creating hex file...
"GPIO.axf" - 0 Error(s), 1 Warning(s).
Rebuild target 'EA LPC2148'
assembling Startup.s...
compiling serial.c...
compiling GPIO.c...
GPIO.c(122): warning:  #223-D: function "sprintf" declared implicitly
linking...
Program Size: Code=5756 RO-data=16 RW-data=0 ZI-data=1256  
FromELF: creating hex file...
"GPIO.axf" - 0 Error(s), 1 Warning(s).
Rebuild target 'EA LPC2148'
assembling Startup.s...
compiling serial.c...
compiling GPIO.c...
GPIO.c(125): warning:  #223-D: function "sprintf" declared implicitly
linking...
Program Size: Code=5840 RO-data=16 RW-data=0 ZI-data=1256  
FromELF: creating hex file...
"GPIO.axf" - 0 Error(s), 1 Warning(s).
Rebuild target 'EA LPC2148'
assembling Startup.s...
compiling serial.c...
compiling GPIO.c...
GPIO.c(122): warning:  #223-D: function "sprintf" declared implicitly
linking...
Program Size: Code=5756 RO-data=16 RW-data=0 ZI-data=1256  
FromELF: creating hex file...
"GPIO.axf" - 0 Error(s), 1 Warning(s).
Rebuild target 'EA LPC2148'
assembling Startup.s...
compiling serial.c...
compiling GPIO.c...
GPIO.c(122): warning:  #223-D: function "sprintf" declared implicitly
linking...
Program Size: Code=5756 RO-data=16 RW-data=0 ZI-data=1256  
FromELF: creating hex file...
"GPIO.axf" - 0 Error(s), 1 Warning(s).
Rebuild target 'EA LPC2148'
assembling Startup.s...
compiling serial.c...
compiling GPIO.c...
GPIO.c(122): warning:  #223-D: function "sprintf" declared implicitly
linking...
Program Size: Code=5756 RO-data=16 RW-data=0 ZI-data=1256  
FromELF: creating hex file...
"GPIO.axf" - 0 Error(s), 1 Warning(s).
Rebuild target 'EA LPC2148'
assembling Startup.s...
compiling serial.c...
compiling GPIO.c...
GPIO.c(122): warning:  #223-D: function "sprintf" declared implicitly
linking...
Program Size: Code=5756 RO-data=16 RW-data=0 ZI-data=1256  
FromELF: creating hex file...
"GPIO.axf" - 0 Error(s), 1 Warning(s).
