<html>
<body>
<pre>
<h1>µVision Build Log</h1>
<h2>Project:</h2>
C:\Users\SA\Desktop\ES LAB\Work\GPIO PIN\GPIO\GPIO.uvproj
Project File Date:  05/09/2024

<h2>Output:</h2>
Rebuild target 'EA LPC2148'
assembling Startup.s...
compiling serial.c...
compiling GPIO.c...
linking...
Program Size: Code=1272 RO-data=16 RW-data=0 ZI-data=1256  
FromELF: creating hex file...
"lab09.axf" - 0 Error(s), 0 Warning(s).
Rebuild target 'EA LPC2148'
assembling Startup.s...
compiling serial.c...
compiling GPIO.c...
linking...
Program Size: Code=1272 RO-data=16 RW-data=0 ZI-data=1256  
FromELF: creating hex file...
"GPIO.axf" - 0 Error(s), 0 Warning(s).
